*CULTIVAR LIST

@#   FILENAME EXT FILE HEADING
   1 BACER040 CUL CULTIVARS:BACER040                  
   2 BACER980 CUL BARLEY GENOTYPE COEFFICIENTS - GECER980 MODEL
   3 BNGRO040 CUL DRYBEAN GENOTYPE COEFFICIENTS: CRGRO040 MODEL
   4 BNGRO980 CUL DRYBEAN GENOTYPE COEFFICIENTS - CRGRO980 MODEL
   5 BRGRO040 CUL BRACHIARIA DECUMBENS CULTIVAR COEFFICIENTS: CRGRO040 MODEL
   6 CBGRO040 CUL CABBAGE GENOTYPE COEFFICIENTS: CBGRO040 MODEL
   7 CHGRO040 CUL CHICKPEA CULTIVAR COEFFICIENTS: CRGRO040 MODEL
   8 CHGRO980 CUL CHICKPEA GENOTYPE COEFFICIENTS - CRGRO980 MODEL
   9 COGRO040 CUL COTTON CULTIVAR COEFFICIENTS: CRGRO040 MODEL
  10 CPGRO040 CUL COWPEA GENOTYPE COEFFICIENTS: CRGRO040 MODEL
  11 CRGRO040 CUL COWPEA CULTIVAR COEFFICIENTS: CRGRO040 MODEL
  12 CSSIM980 CUL CASSAVA GENOTYPE COEFFICIENTS - CSSIM980 MODEL
  13 FBGRO040 CUL FABA BEAN GENOTYPE COEFFICIENTS: CRGRO040 MODEL, Faba Bean version
  14 G0GRO040 CUL BAHIA GENOTYPE COEFFICIENTS: CRGRO040 Model
  15 G0GRO980 CUL BAHIA GENOTYPE COEFFICIENTS - CRGRO980 MODEL
  16 MLCER040 CUL MILLET CULTIVAR COEFFICIENTS: GECER040 MODEL
  17 MLCER980 CUL MILLET CULTIVAR COEFFICIENTS: GECER030 MODEL
  18 MZCER040 CUL MAIZE CULTIVAR COEFFICIENTS: GECER040 MODEL
  19 MZCER980 CUL MAIZE GENOTYPE COEFFICIENTS - GECER980 MODEL
  20 PIALO980 CUL GENETICS PARAMETER INPUT FILE - PINEAPPLE GENOTYPE COEFFICIENTS
  21 PNGRO040 CUL PEANUT CULTIVAR COEFFICIENTS: CRGRO040 MODEL
  22 PNGRO980 CUL PEANUT GENOTYPE COEFFICIENTS - CRGRO980 MODEL
  23 PRGRO040 CUL PEPPER GENOTYPE COEFFICIENTS: CRGRO040 MODEL
  24 PTSUB040 CUL POTATO CULTIVAR COEFFICIENTS: PTSUB040 MODEL
  25 PTSUB980 CUL POTATO GENOTYPE COEFFICIENTS - PTSUB980 MODEL
  26 RICER040 CUL RICE GENOTYPE COEFFICIENTS: RICER040 MODEL
  27 RICER980 CUL RICE GENOTYPE COEFFICIENTS - RICER980 MODEL
  28 SBGRO040 CUL SOYBEAN GENOTYPE COEFFICIENTS: CRGRO040 MODEL
  29 SBGRO980 CUL SOYBEAN GENOTYPE COEFFICIENTS - CRGRO980 MODEL
  30 SCCAN980 CUL SUGARCANE GENOTYPE COEFFICIENTS - SCCAN980 MODEL
  31 SGCER040 CUL SORGHUM CULTIVAR COEFFICIENTS: GECER040 MODEL
  32 SGCER980 CUL SORGHUM GENOTYPE COEFFICIENTS - GECER980 MODEL
  33 SUOIL980 CUL SUNFLOWER GENOTYPE COEFFICIENTS - SUOIL980 MODEL
  34 TMGRO040 CUL TOMATO CULTIVAR COEFFICIENTS: CRGRO040 MODEL
  35 TMGRO980 CUL TOMATO GENOTYPE COEFFICIENTS - CRGRO980 MODEL
  36 TNGRO980 CUL GENETICS PARAMETER INPUT FILE - TANIER GENOTYPE COEFFICIENTS
  37 TRGRO980 CUL GENETICS PARAMETER INPUT FILE - TARO GENOTYPE COEFFICIENTS
  38 VBGRO040 CUL VELVETBEAN CULTIVAR COEFFICIENTS: CRGRO040 MODEL
  39 VBGRO980 CUL VELVETBEAN GENOTYPE COEFFICIENTS - CRGRO980 MODEL
  40 WHCER040 CUL CULTIVARS:WHCER040                  
  41 WHCER980 CUL WHEAT GENOTYPE COEFFICIENTS - GECER980 MODEL
