*ECOTYPE LIST

@#   FILENAME EXT FILE HEADING
   1 BACER040 ECO ECOTYPES:BACER040                   
   2 BNGRO040 ECO DRYBEAN ECOTYPE COEFFICIENTS: CRGRO040 MODEL
   3 BNGRO980 ECO DRYBEAN ECOTYPE COEFFICIENTS - CRGRO980 MODEL
   4 BRGRO040 ECO BRACHIARIA DECUMBENS ECOTYPE COEFFICIENTS: CRGRO040 MODEL
   5 CBGRO040 ECO CABBAGE ECOTYPE COEFFICIENTS: CRGRO040 MODEL
   6 CHGRO040 ECO CHICKPEA ECOTYPE COEFFICIENTS: CRGRO040 MODEL
   7 CHGRO980 ECO CHICKPEA ECOTYPE COEFFICIENTS - CRGRO980 MODEL
   8 COGRO040 ECO COTTON ECOTYPE COEFFICIENTS - CRGRO040 MODEL
   9 CPGRO040 ECO COWPEA ECOTYPE COEFFICIENTS: CRGRO040 MODEL
  10 FBGRO040 ECO FABA BEAN ECOTYPE COEFFICIENTS: CRGRO040 MODEL, Faba Bean version
  11 G0GRO040 ECO BAHIA ECOTYPE COEFFICIENTS: CRGRO040 Model 
  12 G0GRO980 ECO BAHIA ECOTYPE COEFFICIENTS - CRGRO980 MODEL
  13 MLCER040 ECO MILLET ECOTYPE COEFFICIENTS: GECER040 MODEL
  14 MZCER040 ECO MAIZE ECOTYPE COEFFICIENTS: GECER040 MODEL
  15 PNGRO040 ECO PEANUT ECOTYPE COEFFICIENTS: CRGRO040 MODEL
  16 PNGRO980 ECO PEANUT ECOTYPE COEFFICIENTS - CRGRO980 MODEL
  17 PRGRO040 ECO PEPPER ECOTYPE COEFFICIENTS: CRGRO040 MODEL
  18 SBGRO040 ECO SOYBEAN ECOTYPE COEFFICIENTS: CRGRO040 MODEL
  19 SBGRO980 ECO SOYBEAN ECOTYPE COEFFICIENTS - CRGRO980 MODEL
  20 SCCAN980 ECO SUGARCANE GENOTYPE COEFFICIENTS - SCCAN980 MODEL
  21 SGCER040 ECO SORGHUM ECOTYPE COEFFICIENTS: GECER040 MODEL
  22 TMGRO040 ECO TOMATO ECOTYPE COEFFICIENTS: CRGRO040 MODEL
  23 TMGRO980 ECO TOMATO ECOTYPE COEFFICIENTS - CRGRO980 MODEL
  24 VBGRO040 ECO VELVETBEAN ECOTYPE COEFFICIENTS: CRGRO040 MODEL
  25 VBGRO980 ECO VELVETBEAN ECOTYPE COEFFICIENTS - CRGRO980 MODEL
  26 WHCER040 ECO ECOTYPES:WHCER040                   
