*SPECIES LIST

@#   FILENAME EXT FILE HEADING
   1 BACER040 SPE SPECIES:BACER040                    
   2 BACER980 SPE BARLEY SPECIES COEFFICIENTS - GECER980 MODEL
   3 BNGRO040 SPE DRY BEAN SPECIES COEFFICIENTS: CRGRO040 MODEL
   4 BNGRO980 SPE DRY BEAN SPECIES COEFFICIENTS - CRGRO980 MODEL
   5 BRGRO040 SPE BRACHIARIA DECUMBENS SPECIES COEFICIENTS: CRGRO040 MODEL
   6 CBGRO040 SPE CABBAGE SPECIES COEFICIENTS: CRGRO040 MODEL
   7 CHGRO040 SPE CHICKPEA SPECIES COEFFICIENTS: CRGRO040 MODEL
   8 CHGRO980 SPE CHICKPEA SPECIES COEFFICIENTS - CRGRO980 MODEL
   9 COGRO040 SPE COTTON SPECIES COEFFICIENTS: CRGRO040 MODEL
  10 CPGRO040 SPE COWPEA SPECIES COEFFICIENTS: CRGRO040 MODEL
  11 CSSIM980 SPE CASSAVA SPECIES COEFICIENTS - CSSIM980 MODEL
  12 FBGRO040 SPE FABA BEAN SPECIES COEFFICIENTS: CRGRO040 MODEL, Faba Bean version
  13 G0GRO040 SPE BAHIA SPECIES COEFICIENTS: CRGRO040 Model                                      
  14 G0GRO980 SPE BAHIA SPECIES COEFICIENTS - CRGRO980 MODEL
  15 MLCER040 SPE MILLET SPECIES COEFFICIENTS: GECER040 MODEL
  16 MLCER980 SPE MILLET SPECIES COEFFICIENTS - GECER980 MODEL
  17 MZCER040 SPE MAIZE SPECIES COEFFICIENTS: GECER040 MODEL
  18 MZCER980 SPE MAIZE SPECIES COEFFICIENTS - GECER980 MODEL
  19 PIALO980 SPE SPECIES DATA: PINEAPPLE             
  20 PNGRO040 SPE PEANUT SPECIES COEFFICIENTS: CRGRO040 MODEL
  21 PNGRO980 SPE PEANUT SPECIES COEFFICIENTS - CRGRO980 MODEL
  22 PRGRO040 SPE PEPPER SPECIES COEFFICIENTS: CRGRO040 MODEL (Bell Pepper for Bradenton)
  23 PTSUB040 SPE POTATO SPECIES COEFFICIENTS: PTSUB040 MODEL
  24 PTSUB980 SPE POTATO SPECIES COEFFICIENTS - PTSUB980 MODEL
  25 RICER040 SPE RICE SPECIES COEFFICIENTS: RICER040 MODEL
  26 RICER980 SPE RICE SPECIES COEFFICIENTS - RICER980 MODEL
  27 SBGRO040 SPE SOYBEAN SPECIES COEFFICIENTS: CRGRO040 MODEL
  28 SBGRO980 SPE SOYBEAN SPECIES COEFFICIENTS - CRGRO980 MODEL
  29 SGCER040 SPE SORGHUM SPECIES COEFFICIENTS: GECER040 MODEL
  30 SGCER980 SPE SORGHUM SPECIES COEFFICIENTS - GECER980 MODEL
  31 SUOIL980 SPE SUNFLOWER SPECIES COEFFICIENTS - SUOIL980 MODEL
  32 TMGRO040 SPE TOMATO SPECIES COEFFICIENTS: CRGRO040 MODEL
  33 TMGRO980 SPE TOMATO SPECIES COEFFICIENTS - CRGRO980 MODEL
  34 TNGRO980 SPE    10.0  250.0  500.0 150.00   1.56 119.00 TBASE,P8,P9,PHINT,PCGRD,PCINT
  35 TRGRO980 SPE    10.0   55.0  100.0 150.00   1.00 120.00 TBASE,P8,P9,PHINT,PCGRD,PCINT
  36 VBGRO040 SPE VELVETBEAN SPECIES COEFICIENTS: CRGRO040 MODEL
  37 VBGRO980 SPE VELVETBEAN SPECIES COEFICIENTS - CRGRO980 MODEL
  38 WHCER040 SPE SPECIES:WHCER040                    
  39 WHCER980 SPE WHEAT SPECIES COEFFICIENTS - GECER980 MODEL
